// Jest Snapshot v1, https://goo.gl/fbAQLP

exports[`Test City Results Renders Correctly 1`] = `
<View
  style={
    Object {
      "backgroundColor": "#303337",
      "borderColor": "#e1e8ee",
      "borderRadius": 10,
      "borderWidth": 1,
      "margin": 15,
      "marginBottom": 0,
      "padding": 15,
      "shadowColor": "rgba(0,0,0, .2)",
      "shadowOffset": Object {
        "height": 0,
        "width": 0,
      },
      "shadowOpacity": 1,
      "shadowRadius": 1,
    }
  }
>
  <View
    style={
      Object {
        "backgroundColor": "transparent",
      }
    }
  >
    <Text
      accessibilityRole="text"
      style={
        Object {
          "color": "#43484d",
          "fontSize": 20,
          "fontWeight": "bold",
          "marginBottom": 15,
          "textAlign": "center",
        }
      }
      testID="title"
    >
      Welcome to Test City
    </Text>
    <View
      style={
        Object {
          "alignItems": "center",
          "backgroundColor": "#242424",
          "borderRadius": 5,
          "justifyContent": "center",
          "padding": 10,
        }
      }
    >
      <Text
        accessibilityRole="text"
        style={
          Object {
            "color": "#52c41a",
            "fontSize": 40,
            "fontWeight": "bold",
          }
        }
        testID="population"
      >
        3Â 000
      </Text>
    </View>
    <Text
      accessibilityRole="text"
      style={
        Object {
          "color": "#bbb",
          "fontSize": 15,
          "marginTop": 5,
          "textAlign": "center",
        }
      }
    >
      People live here
    </Text>
  </View>
</View>
`;
