// Jest Snapshot v1, https://goo.gl/fbAQLP

exports[`Test City Results Renders Correctly 1`] = `
<View
  style={
    Object {
      "marginHorizontal": 10,
      "marginTop": 10,
    }
  }
>
  <View
    style={
      Object {
        "backgroundColor": "#393e42",
        "borderBottomColor": "#000",
        "borderBottomWidth": 0,
        "borderRadius": 5,
        "borderTopColor": "#000",
        "borderTopWidth": 0,
        "padding": 8,
      }
    }
    testID="RNE__SearchBar-wrapper"
  >
    <View
      style={
        Object {
          "paddingHorizontal": 0,
          "width": "100%",
        }
      }
      testID="RNE__Input__view-wrapper"
    >
      <View
        collapsable={false}
        style={
          Object {
            "alignItems": "center",
            "backgroundColor": "#303337",
            "borderBottomWidth": 0,
            "borderColor": "#86939e",
            "borderRadius": 3,
            "flexDirection": "row",
            "minHeight": 30,
            "overflow": "hidden",
            "transform": Array [
              Object {
                "translateX": 0,
              },
            ],
          }
        }
      >
        <View
          style={
            Object {
              "alignItems": "center",
              "height": 40,
              "justifyContent": "center",
              "marginLeft": 8,
              "marginVertical": 4,
              "paddingRight": 4,
            }
          }
        >
          <View
            style={
              Object {
                "overflow": "hidden",
              }
            }
            testID="RNE__ICON__CONTAINER"
          >
            <View
              accessibilityRole="button"
              android_ripple={
                Object {
                  "borderless": false,
                  "color": "rgba(0, 0, 0, 0.3)",
                  "radius": -5,
                }
              }
              disabled={false}
              testID="RNE__ICON__CONTAINER_ACTION"
            >
              <View
                style={
                  Object {
                    "alignItems": "center",
                    "backgroundColor": "transparent",
                    "justifyContent": "center",
                  }
                }
                testID="RNE__ICON"
              >
                <Text />
              </View>
            </View>
          </View>
        </View>
        <TextInput
          editable={true}
          onBlur={[Function]}
          onChangeText={[Function]}
          onFocus={[Function]}
          placeholder=""
          placeholderTextColor="#86939e"
          platform="default"
          style={
            Object {
              "color": "#86939e",
              "flex": 1,
              "fontSize": 18,
              "marginLeft": 10,
              "minHeight": 40,
            }
          }
          testID="RNE__SearchBar"
          underlineColorAndroid="transparent"
          value=""
        />
        <View
          style={
            Object {
              "alignItems": "center",
              "height": 40,
              "justifyContent": "center",
              "marginRight": 8,
              "marginVertical": 4,
              "paddingRight": 4,
            }
          }
        >
          <View
            style={
              Object {
                "flexDirection": "row",
              }
            }
          />
        </View>
      </View>
      <Text
        style={
          Object {
            "color": "#ff190c",
            "fontSize": 12,
            "height": 0,
            "margin": 0,
            "padding": 0,
          }
        }
      />
    </View>
  </View>
</View>
`;
